WARNING: We recommend using a newer Android Gradle plugin to use compileSdk = 36

This Android Gradle plugin (8.4.0) was tested up to compileSdk = 34.

You are strongly encouraged to update your project to use a newer
Android Gradle plugin that has been tested with compileSdk = 36.

If you are already using the latest version of the Android Gradle plugin,
you may need to wait until a newer version with support for compileSdk = 36 is available.

To suppress this warning, add/update
    android.suppressUnsupportedCompileSdk=36
to this project's gradle.properties.
> Task :app:preBuild UP-TO-DATE
> Task :app:preDebugBuild UP-TO-DATE
> Task :app:configureCMakeDebug[arm64-v8a]

> Task :app:buildCMakeDebug[arm64-v8a]
C/C++: ninja: Entering directory `C:\Users\wesll\Documents\Cursor\SA-MP-2.10-with-Cursor\app\.cxx\Debug\67363226\arm64-v8a'
C/C++: C:\Users\wesll\AppData\Local\Android\Sdk\ndk\26.2.11394342\toolchains\llvm\prebuilt\windows-x86_64\bin\clang++.exe --target=aarch64-none-linux-android26 --sysroot=C:/Users/wesll/AppData/Local/Android/Sdk/ndk/26.2.11394342/toolchains/llvm/prebuilt/windows-x86_64/sysroot -DVER_x32=false -Dsamp_EXPORTS -IC:/Users/wesll/Documents/Cursor/SA-MP-2.10-with-Cursor/app/src/main/cpp/opus/include -IC:/Users/wesll/Documents/Cursor/SA-MP-2.10-with-Cursor/app/src/main/cpp/samp -IC:/Users/wesll/Documents/Cursor/SA-MP-2.10-with-Cursor/app/src/main/cpp/samp/util -IC:/Users/wesll/Documents/Cursor/SA-MP-2.10-with-Cursor/app/src/main/cpp/samp/vendor/armhook -IC:/Users/wesll/Documents/Cursor/SA-MP-2.10-with-Cursor/app/src/main/cpp/samp/vendor/imgui -IC:/Users/wesll/Documents/Cursor/SA-MP-2.10-with-Cursor/app/src/main/cpp/samp/vendor -IC:/Users/wesll/Documents/Cursor/SA-MP-2.10-with-Cursor/app/src/main/cpp/samp/game/RW -IC:/Users/wesll/Documents/Cursor/SA-MP-2.10-with-Cursor/app/src/main/cpp/samp/game/Core -IC:/Users/wesll/Documents/Cursor/SA-MP-2.10-with-Cursor/app/src/main/cpp/samp/game_sa -isystem C:/Users/wesll/.gradle/caches/8.9/transforms/1b08e3a2df1e9edf44fc172e3d520215/transformed/shadowhook-2.0.0/prefab/modules/shadowhook/include -g -DANDROID -fdata-sections -ffunction-sections -funwind-tables -fstack-protector-strong -no-canonical-prefixes -D_FORTIFY_SOURCE=2 -Wformat -Werror=format-security   -w -s -g -fvisibility=hidden -pthread -Wall -O1 -fexceptions -fno-limit-debug-info  -fPIC -std=gnu++20 -MD -MT samp/CMakeFiles/samp.dir/game/entities/actor.cpp.o -MF samp\CMakeFiles\samp.dir\game\entities\actor.cpp.o.d -o samp/CMakeFiles/samp.dir/game/entities/actor.cpp.o -c C:/Users/wesll/Documents/Cursor/SA-MP-2.10-with-Cursor/app/src/main/cpp/samp/game/entities/actor.cpp
C/C++: C:/Users/wesll/Documents/Cursor/SA-MP-2.10-with-Cursor/app/src/main/cpp/samp/game/entities/actor.cpp:84:7: error: use of undeclared identifier 'pGame'
C/C++:         if (!pGame->IsAnimationLoaded(szAnimLib)) {
C/C++:              ^
C/C++: C:/Users/wesll/Documents/Cursor/SA-MP-2.10-with-Cursor/app/src/main/cpp/samp/game/entities/actor.cpp:85:3: error: use of undeclared identifier 'pGame'
C/C++:                 pGame->RequestAnimation(szAnimLib);
C/C++:                 ^
C/C++: 2 errors generated.
C/C++: C:\Users\wesll\AppData\Local\Android\Sdk\ndk\26.2.11394342\toolchains\llvm\prebuilt\windows-x86_64\bin\clang++.exe --target=aarch64-none-linux-android26 --sysroot=C:/Users/wesll/AppData/Local/Android/Sdk/ndk/26.2.11394342/toolchains/llvm/prebuilt/windows-x86_64/sysroot -DVER_x32=false -Dsamp_EXPORTS -IC:/Users/wesll/Documents/Cursor/SA-MP-2.10-with-Cursor/app/src/main/cpp/opus/include -IC:/Users/wesll/Documents/Cursor/SA-MP-2.10-with-Cursor/app/src/main/cpp/samp -IC:/Users/wesll/Documents/Cursor/SA-MP-2.10-with-Cursor/app/src/main/cpp/samp/util -IC:/Users/wesll/Documents/Cursor/SA-MP-2.10-with-Cursor/app/src/main/cpp/samp/vendor/armhook -IC:/Users/wesll/Documents/Cursor/SA-MP-2.10-with-Cursor/app/src/main/cpp/samp/vendor/imgui -IC:/Users/wesll/Documents/Cursor/SA-MP-2.10-with-Cursor/app/src/main/cpp/samp/vendor -IC:/Users/wesll/Documents/Cursor/SA-MP-2.10-with-Cursor/app/src/main/cpp/samp/game/RW -IC:/Users/wesll/Documents/Cursor/SA-MP-2.10-with-Cursor/app/src/main/cpp/samp/game/Core -IC:/Users/wesll/Documents/Cursor/SA-MP-2.10-with-Cursor/app/src/main/cpp/samp/game_sa -isystem C:/Users/wesll/.gradle/caches/8.9/transforms/1b08e3a2df1e9edf44fc172e3d520215/transformed/shadowhook-2.0.0/prefab/modules/shadowhook/include -g -DANDROID -fdata-sections -ffunction-sections -funwind-tables -fstack-protector-strong -no-canonical-prefixes -D_FORTIFY_SOURCE=2 -Wformat -Werror=format-security   -w -s -g -fvisibility=hidden -pthread -Wall -O1 -fexceptions -fno-limit-debug-info  -fPIC -std=gnu++20 -MD -MT samp/CMakeFiles/samp.dir/game/entities/vehicle.cpp.o -MF samp\CMakeFiles\samp.dir\game\entities\vehicle.cpp.o.d -o samp/CMakeFiles/samp.dir/game/entities/vehicle.cpp.o -c C:/Users/wesll/Documents/Cursor/SA-MP-2.10-with-Cursor/app/src/main/cpp/samp/game/entities/vehicle.cpp
C/C++: C:/Users/wesll/Documents/Cursor/SA-MP-2.10-with-Cursor/app/src/main/cpp/samp/game/entities/vehicle.cpp:131:4: error: use of undeclared identifier 'pGame'
C/C++:                         pGame->DisableMarker(m_dwMarkerID);
C/C++:                         ^
C/C++: C:/Users/wesll/Documents/Cursor/SA-MP-2.10-with-Cursor/app/src/main/cpp/samp/game/entities/vehicle.cpp:310:8: error: unknown type name 'pNetGame'; did you mean 'CNetGame'?
C/C++:                         if (pNetGame)
C/C++:                             ^~~~~~~~
C/C++:                             CNetGame
C/C++: C:/Users/wesll/Documents/Cursor/SA-MP-2.10-with-Cursor/app/src/main/cpp/samp/util/../net/netgame.h:59:7: note: 'CNetGame' declared here
C/C++: class CNetGame
C/C++:       ^
C/C++: C:/Users/wesll/Documents/Cursor/SA-MP-2.10-with-Cursor/app/src/main/cpp/samp/game/entities/vehicle.cpp:310:16: error: expected unqualified-id
C/C++:                         if (pNetGame)
C/C++:                                     ^
C/C++: C:/Users/wesll/Documents/Cursor/SA-MP-2.10-with-Cursor/app/src/main/cpp/samp/game/entities/vehicle.cpp:312:34: error: use of undeclared identifier 'pNetGame'
C/C++:                                 CVehiclePool* pVehiclePool = pNetGame->GetVehiclePool();
C/C++:                                                              ^
C/C++: C:/Users/wesll/Documents/Cursor/SA-MP-2.10-with-Cursor/app/src/main/cpp/samp/game/entities/vehicle.cpp:343:7: error: unknown type name 'pNetGame'; did you mean 'CNetGame'?
C/C++:                 if (pNetGame)
C/C++:                     ^~~~~~~~
C/C++:                     CNetGame
C/C++: C:/Users/wesll/Documents/Cursor/SA-MP-2.10-with-Cursor/app/src/main/cpp/samp/util/../net/netgame.h:59:7: note: 'CNetGame' declared here
C/C++: class CNetGame
C/C++:       ^
C/C++: C:/Users/wesll/Documents/Cursor/SA-MP-2.10-with-Cursor/app/src/main/cpp/samp/game/entities/vehicle.cpp:343:15: error: expected unqualified-id
C/C++:                 if (pNetGame)
C/C++:                             ^
C/C++: C:/Users/wesll/Documents/Cursor/SA-MP-2.10-with-Cursor/app/src/main/cpp/samp/game/entities/vehicle.cpp:345:33: error: use of undeclared identifier 'pNetGame'
C/C++:                         CVehiclePool* pVehiclePool = pNetGame->GetVehiclePool();
C/C++:                                                      ^
C/C++: C:/Users/wesll/Documents/Cursor/SA-MP-2.10-with-Cursor/app/src/main/cpp/samp/game/entities/vehicle.cpp:553:5: error: use of undeclared identifier 'pGame'
C/C++:                                 pGame->DisableMarker(m_dwMarkerID);
C/C++:                                 ^
C/C++: C:/Users/wesll/Documents/Cursor/SA-MP-2.10-with-Cursor/app/src/main/cpp/samp/game/entities/vehicle.cpp:570:4: error: use of undeclared identifier 'pGame'
C/C++:                         pGame->DisableMarker(m_dwMarkerID);
C/C++:                         ^
C/C++: C:/Users/wesll/Documents/Cursor/SA-MP-2.10-with-Cursor/app/src/main/cpp/samp/game/entities/vehicle.cpp:592:4: error: use of undeclared identifier 'pGame'
C/C++:                         pGame->DisableMarker(m_dwMarkerID);
C/C++:                         ^
C/C++: 10 errors generated.
C/C++: C:\Users\wesll\AppData\Local\Android\Sdk\ndk\26.2.11394342\toolchains\llvm\prebuilt\windows-x86_64\bin\clang++.exe --target=aarch64-none-linux-android26 --sysroot=C:/Users/wesll/AppData/Local/Android/Sdk/ndk/26.2.11394342/toolchains/llvm/prebuilt/windows-x86_64/sysroot -DVER_x32=false -Dsamp_EXPORTS -IC:/Users/wesll/Documents/Cursor/SA-MP-2.10-with-Cursor/app/src/main/cpp/opus/include -IC:/Users/wesll/Documents/Cursor/SA-MP-2.10-with-Cursor/app/src/main/cpp/samp -IC:/Users/wesll/Documents/Cursor/SA-MP-2.10-with-Cursor/app/src/main/cpp/samp/util -IC:/Users/wesll/Documents/Cursor/SA-MP-2.10-with-Cursor/app/src/main/cpp/samp/vendor/armhook -IC:/Users/wesll/Documents/Cursor/SA-MP-2.10-with-Cursor/app/src/main/cpp/samp/vendor/imgui -IC:/Users/wesll/Documents/Cursor/SA-MP-2.10-with-Cursor/app/src/main/cpp/samp/vendor -IC:/Users/wesll/Documents/Cursor/SA-MP-2.10-with-Cursor/app/src/main/cpp/samp/game/RW -IC:/Users/wesll/Documents/Cursor/SA-MP-2.10-with-Cursor/app/src/main/cpp/samp/game/Core -IC:/Users/wesll/Documents/Cursor/SA-MP-2.10-with-Cursor/app/src/main/cpp/samp/game_sa -isystem C:/Users/wesll/.gradle/caches/8.9/transforms/1b08e3a2df1e9edf44fc172e3d520215/transformed/shadowhook-2.0.0/prefab/modules/shadowhook/include -g -DANDROID -fdata-sections -ffunction-sections -funwind-tables -fstack-protector-strong -no-canonical-prefixes -D_FORTIFY_SOURCE=2 -Wformat -Werror=format-security   -w -s -g -fvisibility=hidden -pthread -Wall -O1 -fexceptions -fno-limit-debug-info  -fPIC -std=gnu++20 -MD -MT samp/CMakeFiles/samp.dir/game/entities/object.cpp.o -MF samp\CMakeFiles\samp.dir\game\entities\object.cpp.o.d -o samp/CMakeFiles/samp.dir/game/entities/object.cpp.o -c C:/Users/wesll/Documents/Cursor/SA-MP-2.10-with-Cursor/app/src/main/cpp/samp/game/entities/object.cpp
C/C++: C:/Users/wesll/Documents/Cursor/SA-MP-2.10-with-Cursor/app/src/main/cpp/samp/game/entities/object.cpp:97:7: error: unknown type name 'pNetGame'; did you mean 'CNetGame'?
C/C++:                 if (pNetGame)
C/C++:                     ^~~~~~~~
C/C++:                     CNetGame
C/C++: C:/Users/wesll/Documents/Cursor/SA-MP-2.10-with-Cursor/app/src/main/cpp/samp/util/../net/netgame.h:59:7: note: 'CNetGame' declared here
C/C++: class CNetGame
C/C++:       ^
C/C++: C:/Users/wesll/Documents/Cursor/SA-MP-2.10-with-Cursor/app/src/main/cpp/samp/game/entities/object.cpp:97:15: error: expected unqualified-id
C/C++:                 if (pNetGame)
C/C++:                             ^
C/C++: C:/Users/wesll/Documents/Cursor/SA-MP-2.10-with-Cursor/app/src/main/cpp/samp/game/entities/object.cpp:99:33: error: use of undeclared identifier 'pNetGame'
C/C++:                         CVehiclePool* pVehiclePool = pNetGame->GetVehiclePool();
C/C++:                                                      ^
C/C++: C:/Users/wesll/Documents/Cursor/SA-MP-2.10-with-Cursor/app/src/main/cpp/samp/game/entities/object.cpp:116:7: error: unknown type name 'pNetGame'; did you mean 'CNetGame'?
C/C++:                 if (pNetGame)
C/C++:                     ^~~~~~~~
C/C++:                     CNetGame
C/C++: C:/Users/wesll/Documents/Cursor/SA-MP-2.10-with-Cursor/app/src/main/cpp/samp/util/../net/netgame.h:59:7: note: 'CNetGame' declared here
C/C++: class CNetGame
C/C++:       ^
C/C++: C:/Users/wesll/Documents/Cursor/SA-MP-2.10-with-Cursor/app/src/main/cpp/samp/game/entities/object.cpp:116:15: error: expected unqualified-id
C/C++:                 if (pNetGame)
C/C++:                             ^
C/C++: C:/Users/wesll/Documents/Cursor/SA-MP-2.10-with-Cursor/app/src/main/cpp/samp/game/entities/object.cpp:118:31: error: use of undeclared identifier 'pNetGame'
C/C++:                         CObjectPool* pObjectPool = pNetGame->GetObjectPool();
C/C++:                                                    ^
C/C++: C:/Users/wesll/Documents/Cursor/SA-MP-2.10-with-Cursor/app/src/main/cpp/samp/game/entities/object.cpp:406:59: error: use of undeclared identifier 'pMaterialTextGenerator'
C/C++:                         m_MaterialTextTexture[i] = reinterpret_cast<uintptr_t>(pMaterialTextGenerator->Generate(
C/C++:                                                                                ^
C/C++: C:/Users/wesll/Documents/Cursor/SA-MP-2.10-with-Cursor/app/src/main/cpp/samp/game/entities/object.cpp:477:6: error: unknown type name 'pNetGame'; did you mean 'CNetGame'?
C/C++:         if (pNetGame) {
C/C++:             ^~~~~~~~
C/C++:             CNetGame
C/C++: C:/Users/wesll/Documents/Cursor/SA-MP-2.10-with-Cursor/app/src/main/cpp/samp/util/../net/netgame.h:59:7: note: 'CNetGame' declared here
C/C++: class CNetGame
C/C++:       ^
C/C++: C:/Users/wesll/Documents/Cursor/SA-MP-2.10-with-Cursor/app/src/main/cpp/samp/game/entities/object.cpp:477:14: error: expected unqualified-id
C/C++:         if (pNetGame) {
C/C++:                     ^
C/C++: C:/Users/wesll/Documents/Cursor/SA-MP-2.10-with-Cursor/app/src/main/cpp/samp/game/entities/object.cpp:478:30: error: use of undeclared identifier 'pNetGame'
C/C++:                 CPlayerPool* pPlayerPool = pNetGame->GetPlayerPool();
C/C++:                                            ^
C/C++: C:/Users/wesll/Documents/Cursor/SA-MP-2.10-with-Cursor/app/src/main/cpp/samp/game/entities/object.cpp:594:7: error: unknown type name 'pNetGame'; did you mean 'CNetGame'?
C/C++:                         if(pNetGame)
C/C++:                            ^~~~~~~~
C/C++:                            CNetGame
C/C++: C:/Users/wesll/Documents/Cursor/SA-MP-2.10-with-Cursor/app/src/main/cpp/samp/util/../net/netgame.h:59:7: note: 'CNetGame' declared here
C/C++: class CNetGame
C/C++:       ^
C/C++: C:/Users/wesll/Documents/Cursor/SA-MP-2.10-with-Cursor/app/src/main/cpp/samp/game/entities/object.cpp:594:15: error: expected unqualified-id
C/C++:                         if(pNetGame)
C/C++:                                    ^
C/C++: C:/Users/wesll/Documents/Cursor/SA-MP-2.10-with-Cursor/app/src/main/cpp/samp/game/entities/object.cpp:596:32: error: use of undeclared identifier 'pNetGame'
C/C++:                                 CObjectPool *pObjectPool = pNetGame->GetObjectPool();
C/C++:                                                            ^
C/C++: 13 errors generated.
C/C++: C:\Users\wesll\AppData\Local\Android\Sdk\ndk\26.2.11394342\toolchains\llvm\prebuilt\windows-x86_64\bin\clang++.exe --target=aarch64-none-linux-android26 --sysroot=C:/Users/wesll/AppData/Local/Android/Sdk/ndk/26.2.11394342/toolchains/llvm/prebuilt/windows-x86_64/sysroot -DVER_x32=false -Dsamp_EXPORTS -IC:/Users/wesll/Documents/Cursor/SA-MP-2.10-with-Cursor/app/src/main/cpp/opus/include -IC:/Users/wesll/Documents/Cursor/SA-MP-2.10-with-Cursor/app/src/main/cpp/samp -IC:/Users/wesll/Documents/Cursor/SA-MP-2.10-with-Cursor/app/src/main/cpp/samp/util -IC:/Users/wesll/Documents/Cursor/SA-MP-2.10-with-Cursor/app/src/main/cpp/samp/vendor/armhook -IC:/Users/wesll/Documents/Cursor/SA-MP-2.10-with-Cursor/app/src/main/cpp/samp/vendor/imgui -IC:/Users/wesll/Documents/Cursor/SA-MP-2.10-with-Cursor/app/src/main/cpp/samp/vendor -IC:/Users/wesll/Documents/Cursor/SA-MP-2.10-with-Cursor/app/src/main/cpp/samp/game/RW -IC:/Users/wesll/Documents/Cursor/SA-MP-2.10-with-Cursor/app/src/main/cpp/samp/game/Core -IC:/Users/wesll/Documents/Cursor/SA-MP-2.10-with-Cursor/app/src/main/cpp/samp/game_sa -isystem C:/Users/wesll/.gradle/caches/8.9/transforms/1b08e3a2df1e9edf44fc172e3d520215/transformed/shadowhook-2.0.0/prefab/modules/shadowhook/include -g -DANDROID -fdata-sections -ffunction-sections -funwind-tables -fstack-protector-strong -no-canonical-prefixes -D_FORTIFY_SOURCE=2 -Wformat -Werror=format-security   -w -s -g -fvisibility=hidden -pthread -Wall -O1 -fexceptions -fno-limit-debug-info  -fPIC -std=gnu++20 -MD -MT samp/CMakeFiles/samp.dir/game/engine/game.cpp.o -MF samp\CMakeFiles\samp.dir\game\engine\game.cpp.o.d -o samp/CMakeFiles/samp.dir/game/engine/game.cpp.o -c C:/Users/wesll/Documents/Cursor/SA-MP-2.10-with-Cursor/app/src/main/cpp/samp/game/engine/game.cpp
C/C++: C:/Users/wesll/Documents/Cursor/SA-MP-2.10-with-Cursor/app/src/main/cpp/samp/game/engine/game.cpp:759:9: error: unknown type name 'pNetGame'; did you mean 'CNetGame'?
C/C++:     if (pNetGame)
C/C++:         ^~~~~~~~
C/C++:         CNetGame
C/C++: C:/Users/wesll/Documents/Cursor/SA-MP-2.10-with-Cursor/app/src/main/cpp/samp/util/../net/netgame.h:59:7: note: 'CNetGame' declared here
C/C++: class CNetGame
C/C++:       ^
C/C++: C:/Users/wesll/Documents/Cursor/SA-MP-2.10-with-Cursor/app/src/main/cpp/samp/game/engine/game.cpp:759:17: error: expected unqualified-id
C/C++:     if (pNetGame)
C/C++:                 ^
C/C++: C:/Users/wesll/Documents/Cursor/SA-MP-2.10-with-Cursor/app/src/main/cpp/samp/game/engine/game.cpp:761:12: error: use of undeclared identifier 'pGame'
C/C++:         if(pGame && pGame->FindPlayerPed() && pUI && pUI->buttonpanel() && pUI->buttonpanel()->m_bH)
C/C++:            ^
C/C++: C:/Users/wesll/Documents/Cursor/SA-MP-2.10-with-Cursor/app/src/main/cpp/samp/game/engine/game.cpp:761:21: error: use of undeclared identifier 'pGame'
C/C++:         if(pGame && pGame->FindPlayerPed() && pUI && pUI->buttonpanel() && pUI->buttonpanel()->m_bH)
C/C++:                     ^
C/C++: C:/Users/wesll/Documents/Cursor/SA-MP-2.10-with-Cursor/app/src/main/cpp/samp/game/engine/game.cpp:761:47: error: use of undeclared identifier 'pUI'
C/C++:         if(pGame && pGame->FindPlayerPed() && pUI && pUI->buttonpanel() && pUI->buttonpanel()->m_bH)
C/C++:                                               ^
C/C++: C:/Users/wesll/Documents/Cursor/SA-MP-2.10-with-Cursor/app/src/main/cpp/samp/game/engine/game.cpp:761:54: error: use of undeclared identifier 'pUI'
C/C++:         if(pGame && pGame->FindPlayerPed() && pUI && pUI->buttonpanel() && pUI->buttonpanel()->m_bH)
C/C++:                                                      ^
C/C++: C:/Users/wesll/Documents/Cursor/SA-MP-2.10-with-Cursor/app/src/main/cpp/samp/game/engine/game.cpp:761:76: error: use of undeclared identifier 'pUI'
C/C++:         if(pGame && pGame->FindPlayerPed() && pUI && pUI->buttonpanel() && pUI->buttonpanel()->m_bH)
C/C++:                                                                            ^
C/C++: C:/Users/wesll/Documents/Cursor/SA-MP-2.10-with-Cursor/app/src/main/cpp/samp/game/engine/game.cpp:763:16: error: use of undeclared identifier 'pGame'
C/C++:             if(pGame->FindPlayerPed()->IsInVehicle())
C/C++:                ^
C/C++: C:/Users/wesll/Documents/Cursor/SA-MP-2.10-with-Cursor/app/src/main/cpp/samp/game/engine/game.cpp:765:17: error: use of undeclared identifier 'pUI'
C/C++:                 pUI->buttonpanel()->m_bH->setCaption("D/B");
C/C++:                 ^
C/C++: C:/Users/wesll/Documents/Cursor/SA-MP-2.10-with-Cursor/app/src/main/cpp/samp/game/engine/game.cpp:768:17: error: use of undeclared identifier 'pUI'
C/C++:                 pUI->buttonpanel()->m_bH->setCaption("H");
C/C++:                 ^
C/C++: C:/Users/wesll/Documents/Cursor/SA-MP-2.10-with-Cursor/app/src/main/cpp/samp/game/engine/game.cpp:771:36: error: use of undeclared identifier 'pNetGame'
C/C++:         CObjectPool* pObjectPool = pNetGame->GetObjectPool();
C/C++:                                    ^
C/C++: C:/Users/wesll/Documents/Cursor/SA-MP-2.10-with-Cursor/app/src/main/cpp/samp/game/engine/game.cpp:777:40: error: use of undeclared identifier 'pNetGame'
C/C++:         CTextDrawPool* pTextDrawPool = pNetGame->GetTextDrawPool();
C/C++:                                        ^
C/C++: 12 errors generated.
C/C++: C:\Users\wesll\AppData\Local\Android\Sdk\ndk\26.2.11394342\toolchains\llvm\prebuilt\windows-x86_64\bin\clang++.exe --target=aarch64-none-linux-android26 --sysroot=C:/Users/wesll/AppData/Local/Android/Sdk/ndk/26.2.11394342/toolchains/llvm/prebuilt/windows-x86_64/sysroot -DVER_x32=false -Dsamp_EXPORTS -IC:/Users/wesll/Documents/Cursor/SA-MP-2.10-with-Cursor/app/src/main/cpp/opus/include -IC:/Users/wesll/Documents/Cursor/SA-MP-2.10-with-Cursor/app/src/main/cpp/samp -IC:/Users/wesll/Documents/Cursor/SA-MP-2.10-with-Cursor/app/src/main/cpp/samp/util -IC:/Users/wesll/Documents/Cursor/SA-MP-2.10-with-Cursor/app/src/main/cpp/samp/vendor/armhook -IC:/Users/wesll/Documents/Cursor/SA-MP-2.10-with-Cursor/app/src/main/cpp/samp/vendor/imgui -IC:/Users/wesll/Documents/Cursor/SA-MP-2.10-with-Cursor/app/src/main/cpp/samp/vendor -IC:/Users/wesll/Documents/Cursor/SA-MP-2.10-with-Cursor/app/src/main/cpp/samp/game/RW -IC:/Users/wesll/Documents/Cursor/SA-MP-2.10-with-Cursor/app/src/main/cpp/samp/game/Core -IC:/Users/wesll/Documents/Cursor/SA-MP-2.10-with-Cursor/app/src/main/cpp/samp/game_sa -isystem C:/Users/wesll/.gradle/caches/8.9/transforms/1b08e3a2df1e9edf44fc172e3d520215/transformed/shadowhook-2.0.0/prefab/modules/shadowhook/include -g -DANDROID -fdata-sections -ffunction-sections -funwind-tables -fstack-protector-strong -no-canonical-prefixes -D_FORTIFY_SOURCE=2 -Wformat -Werror=format-security   -w -s -g -fvisibility=hidden -pthread -Wall -O1 -fexceptions -fno-limit-debug-info  -fPIC -std=gnu++20 -MD -MT samp/CMakeFiles/samp.dir/game/entities/playerped.cpp.o -MF samp\CMakeFiles\samp.dir\game\entities\playerped.cpp.o.d -o samp/CMakeFiles/samp.dir/game/entities/playerped.cpp.o -c C:/Users/wesll/Documents/Cursor/SA-MP-2.10-with-Cursor/app/src/main/cpp/samp/game/entities/playerped.cpp
C/C++: C:/Users/wesll/Documents/Cursor/SA-MP-2.10-with-Cursor/app/src/main/cpp/samp/game/entities/playerped.cpp:91:6: error: unknown type name 'pNetGame'; did you mean 'CNetGame'?
C/C++:         if (pNetGame)
C/C++:             ^~~~~~~~
C/C++:             CNetGame
C/C++: C:/Users/wesll/Documents/Cursor/SA-MP-2.10-with-Cursor/app/src/main/cpp/samp/util/../net/netgame.h:59:7: note: 'CNetGame' declared here
C/C++: class CNetGame
C/C++:       ^
C/C++: C:/Users/wesll/Documents/Cursor/SA-MP-2.10-with-Cursor/app/src/main/cpp/samp/game/entities/playerped.cpp:91:14: error: expected unqualified-id
C/C++:         if (pNetGame)
C/C++:                     ^
C/C++: C:/Users/wesll/Documents/Cursor/SA-MP-2.10-with-Cursor/app/src/main/cpp/samp/game/entities/playerped.cpp:94:46: error: use of undeclared identifier 'pNetGame'
C/C++:                 ScriptCommand(&set_actor_money, m_dwGTAId, pNetGame->m_pNetSet->iDeathDropMoney);
C/C++:                                                            ^
C/C++: C:/Users/wesll/Documents/Cursor/SA-MP-2.10-with-Cursor/app/src/main/cpp/samp/game/entities/playerped.cpp:786:6: error: use of undeclared identifier 'pGame'
C/C++:         if(!pGame->IsAnimationLoaded(szAnimLib))
C/C++:             ^
C/C++: C:/Users/wesll/Documents/Cursor/SA-MP-2.10-with-Cursor/app/src/main/cpp/samp/game/entities/playerped.cpp:788:3: error: use of undeclared identifier 'pGame'
C/C++:                 pGame->RequestAnimation(szAnimLib);
C/C++:                 ^
C/C++: C:/Users/wesll/Documents/Cursor/SA-MP-2.10-with-Cursor/app/src/main/cpp/samp/game/entities/playerped.cpp:935:7: error: unknown type name 'pNetGame'; did you mean 'CNetGame'?
C/C++:                 if (pNetGame)
C/C++:                     ^~~~~~~~
C/C++:                     CNetGame
C/C++: C:/Users/wesll/Documents/Cursor/SA-MP-2.10-with-Cursor/app/src/main/cpp/samp/util/../net/netgame.h:59:7: note: 'CNetGame' declared here
C/C++: class CNetGame
C/C++:       ^
C/C++: C:/Users/wesll/Documents/Cursor/SA-MP-2.10-with-Cursor/app/src/main/cpp/samp/game/entities/playerped.cpp:935:15: error: expected unqualified-id
C/C++:                 if (pNetGame)
C/C++:                             ^
C/C++: C:/Users/wesll/Documents/Cursor/SA-MP-2.10-with-Cursor/app/src/main/cpp/samp/game/entities/playerped.cpp:937:33: error: use of undeclared identifier 'pNetGame'
C/C++:                         CVehiclePool* pVehiclePool = pNetGame->GetVehiclePool();
C/C++:                                                      ^
C/C++: C:/Users/wesll/Documents/Cursor/SA-MP-2.10-with-Cursor/app/src/main/cpp/samp/game/entities/playerped.cpp:1241:7: error: unknown type name 'pNetGame'; did you mean 'CNetGame'?
C/C++:                 if (pNetGame)
C/C++:                     ^~~~~~~~
C/C++:                     CNetGame
C/C++: C:/Users/wesll/Documents/Cursor/SA-MP-2.10-with-Cursor/app/src/main/cpp/samp/util/../net/netgame.h:59:7: note: 'CNetGame' declared here
C/C++: class CNetGame
C/C++:       ^
C/C++: C:/Users/wesll/Documents/Cursor/SA-MP-2.10-with-Cursor/app/src/main/cpp/samp/game/entities/playerped.cpp:1241:15: error: expected unqualified-id
C/C++:                 if (pNetGame)
C/C++:                             ^
C/C++: C:/Users/wesll/Documents/Cursor/SA-MP-2.10-with-Cursor/app/src/main/cpp/samp/game/entities/playerped.cpp:1243:31: error: use of undeclared identifier 'pNetGame'
C/C++:                         CPlayerPool* pPlayerPool = pNetGame->GetPlayerPool();
C/C++:                                                    ^
C/C++: C:/Users/wesll/Documents/Cursor/SA-MP-2.10-with-Cursor/app/src/main/cpp/samp/game/entities/playerped.cpp:1259:35: error: use of undeclared identifier 'pNetGame'
C/C++:                                                         CPlayerPool* pPlayerPool = pNetGame->GetPlayerPool();
C/C++:                                                                                    ^
C/C++: C:/Users/wesll/Documents/Cursor/SA-MP-2.10-with-Cursor/app/src/main/cpp/samp/game/entities/playerped.cpp:1260:37: error: use of undeclared identifier 'pNetGame'
C/C++:                                                         CVehiclePool* pVehiclePool = pNetGame->GetVehiclePool();
C/C++:                                                                                      ^
C/C++: C:/Users/wesll/Documents/Cursor/SA-MP-2.10-with-Cursor/app/src/main/cpp/samp/game/entities/playerped.cpp:1261:35: error: use of undeclared identifier 'pNetGame'
C/C++:                                                         CObjectPool* pObjectPool = pNetGame->GetObjectPool();
C/C++:                                                                                    ^
C/C++: C:/Users/wesll/Documents/Cursor/SA-MP-2.10-with-Cursor/app/src/main/cpp/samp/game/entities/playerped.cpp:1326:7: error: use of undeclared identifier 'pNetGame'
C/C++:                                                 pNetGame->GetRakClient()->Send(&bsBullet, PacketPriority::HIGH_PRIORITY, PacketReliability::UNRELIABLE_SEQUENCED, 0);
C/C++:                                                 ^
C/C++: C:/Users/wesll/Documents/Cursor/SA-MP-2.10-with-Cursor/app/src/main/cpp/samp/game/entities/playerped.cpp:1339:12: error: unknown type name 'pNetGame'; did you mean 'CNetGame'?
C/C++:         if(pNetGame)
C/C++:            ^~~~~~~~
C/C++:            CNetGame
C/C++: C:/Users/wesll/Documents/Cursor/SA-MP-2.10-with-Cursor/app/src/main/cpp/samp/util/../net/netgame.h:59:7: note: 'CNetGame' declared here
C/C++: class CNetGame
C/C++:       ^
C/C++: C:/Users/wesll/Documents/Cursor/SA-MP-2.10-with-Cursor/app/src/main/cpp/samp/game/entities/playerped.cpp:1339:20: error: expected unqualified-id
C/C++:         if(pNetGame)
C/C++:                    ^
C/C++: C:/Users/wesll/Documents/Cursor/SA-MP-2.10-with-Cursor/app/src/main/cpp/samp/game/entities/playerped.cpp:1343:42: error: use of undeclared identifier 'pNetGame'
C/C++:             CVehiclePool *pVehiclePool = pNetGame->GetVehiclePool();
C/C++:                                          ^
C/C++: C:/Users/wesll/Documents/Cursor/SA-MP-2.10-with-Cursor/app/src/main/cpp/samp/game/entities/playerped.cpp:1344:40: error: use of undeclared identifier 'pNetGame'
C/C++:             CPlayerPool *pPlayerPool = pNetGame->GetPlayerPool();
C/C++:                                        ^
C/C++: fatal error: too many errors emitted, stopping now [-ferror-limit=]
C/C++: 20 errors generated.
C/C++: C:\Users\wesll\AppData\Local\Android\Sdk\ndk\26.2.11394342\toolchains\llvm\prebuilt\windows-x86_64\bin\clang++.exe --target=aarch64-none-linux-android26 --sysroot=C:/Users/wesll/AppData/Local/Android/Sdk/ndk/26.2.11394342/toolchains/llvm/prebuilt/windows-x86_64/sysroot -DVER_x32=false -Dsamp_EXPORTS -IC:/Users/wesll/Documents/Cursor/SA-MP-2.10-with-Cursor/app/src/main/cpp/opus/include -IC:/Users/wesll/Documents/Cursor/SA-MP-2.10-with-Cursor/app/src/main/cpp/samp -IC:/Users/wesll/Documents/Cursor/SA-MP-2.10-with-Cursor/app/src/main/cpp/samp/util -IC:/Users/wesll/Documents/Cursor/SA-MP-2.10-with-Cursor/app/src/main/cpp/samp/vendor/armhook -IC:/Users/wesll/Documents/Cursor/SA-MP-2.10-with-Cursor/app/src/main/cpp/samp/vendor/imgui -IC:/Users/wesll/Documents/Cursor/SA-MP-2.10-with-Cursor/app/src/main/cpp/samp/vendor -IC:/Users/wesll/Documents/Cursor/SA-MP-2.10-with-Cursor/app/src/main/cpp/samp/game/RW -IC:/Users/wesll/Documents/Cursor/SA-MP-2.10-with-Cursor/app/src/main/cpp/samp/game/Core -IC:/Users/wesll/Documents/Cursor/SA-MP-2.10-with-Cursor/app/src/main/cpp/samp/game_sa -isystem C:/Users/wesll/.gradle/caches/8.9/transforms/1b08e3a2df1e9edf44fc172e3d520215/transformed/shadowhook-2.0.0/prefab/modules/shadowhook/include -g -DANDROID -fdata-sections -ffunction-sections -funwind-tables -fstack-protector-strong -no-canonical-prefixes -D_FORTIFY_SOURCE=2 -Wformat -Werror=format-security   -w -s -g -fvisibility=hidden -pthread -Wall -O1 -fexceptions -fno-limit-debug-info  -fPIC -std=gnu++20 -MD -MT samp/CMakeFiles/samp.dir/game/input/pad.cpp.o -MF samp\CMakeFiles\samp.dir\game\input\pad.cpp.o.d -o samp/CMakeFiles/samp.dir/game/input/pad.cpp.o -c C:/Users/wesll/Documents/Cursor/SA-MP-2.10-with-Cursor/app/src/main/cpp/samp/game/input/pad.cpp
C/C++: C:/Users/wesll/Documents/Cursor/SA-MP-2.10-with-Cursor/app/src/main/cpp/samp/game/input/pad.cpp:278:34: error: use of undeclared identifier 'pGame'
C/C++:         CPlayerPed* pPlayerPed = pGame->FindPlayerPed();
C/C++:                                  ^
C/C++: C:/Users/wesll/Documents/Cursor/SA-MP-2.10-with-Cursor/app/src/main/cpp/samp/game/input/pad.cpp:317:34: error: use of undeclared identifier 'pGame'
C/C++:         CPlayerPed* pPlayerPed = pGame->FindPlayerPed();
C/C++:                                  ^
C/C++: C:/Users/wesll/Documents/Cursor/SA-MP-2.10-with-Cursor/app/src/main/cpp/samp/game/input/pad.cpp:407:9: error: unknown type name 'pNetGame'; did you mean 'CNetGame'?
C/C++:     if (pNetGame)
C/C++:         ^~~~~~~~
C/C++:         CNetGame
C/C++: C:/Users/wesll/Documents/Cursor/SA-MP-2.10-with-Cursor/app/src/main/cpp/samp/util/../net/netgame.h:59:7: note: 'CNetGame' declared here
C/C++: class CNetGame
C/C++:       ^
C/C++: C:/Users/wesll/Documents/Cursor/SA-MP-2.10-with-Cursor/app/src/main/cpp/samp/game/input/pad.cpp:407:17: error: expected unqualified-id
C/C++:     if (pNetGame)
C/C++:                 ^
C/C++: C:/Users/wesll/Documents/Cursor/SA-MP-2.10-with-Cursor/app/src/main/cpp/samp/game/input/pad.cpp:409:36: error: use of undeclared identifier 'pNetGame'
C/C++:         CPlayerPool* pPlayerPool = pNetGame->GetPlayerPool();
C/C++:                                    ^
C/C++: C:/Users/wesll/Documents/Cursor/SA-MP-2.10-with-Cursor/app/src/main/cpp/samp/game/input/pad.cpp:515:9: error: unknown type name 'pUI'; did you mean 'UI'?
C/C++:     if (pUI) {
C/C++:         ^~~
C/C++:         UI
C/C++: C:/Users/wesll/Documents/Cursor/SA-MP-2.10-with-Cursor/app/src/main/cpp/samp/util/../net/../gui/gui.h:39:7: note: 'UI' declared here
C/C++: class UI : public Widget, public ImGuiWrapper
C/C++:       ^
C/C++: C:/Users/wesll/Documents/Cursor/SA-MP-2.10-with-Cursor/app/src/main/cpp/samp/game/input/pad.cpp:515:12: error: expected unqualified-id
C/C++:     if (pUI) {
C/C++:            ^
C/C++: C:/Users/wesll/Documents/Cursor/SA-MP-2.10-with-Cursor/app/src/main/cpp/samp/game/input/pad.cpp:516:21: error: use of undeclared identifier 'pUI'
C/C++:         if (result) pUI->playertablist()->show();
C/C++:                     ^
C/C++: C:/Users/wesll/Documents/Cursor/SA-MP-2.10-with-Cursor/app/src/main/cpp/samp/game/input/pad.cpp:527:28: error: use of undeclared identifier 'pUI'
C/C++:     VoiceButton* vbutton = pUI->voicebutton();
C/C++:                            ^
C/C++: 9 errors generated.

> Task :app:buildCMakeDebug[arm64-v8a] FAILED
.\gradlew : 
No C:\Users\wesll\AppData\Local\Temp\ps-script-e87be93d-9e57-4ad1-9eab-020a092bbce3.ps1:82 caractere:60
+ ... .10-with-Cursor; .\gradlew assembleDebug --console=plain 2>&1 | Tee-O ...
+                      ~~~~~~~~~~~~~~~~~~~~~~~~~~~~~~~~~~~~~~~~~~~~
    + CategoryInfo          : NotSpecified: (:String) [], RemoteException
    + FullyQualifiedErrorId : NativeCommandError
 
FAILURE: Build failed with an exception.

* What went wrong:
Execution failed for task ':app:buildCMakeDebug[arm64-v8a]'.
> com.android.ide.common.process.ProcessException: ninja: Entering directory 
`C:\Users\wesll\Documents\Cursor\SA-MP-2.10-with-Cursor\app\.cxx\Debug\67363226\arm64-v8a'
  [1/230] Building C object samp/CMakeFiles/samp.dir/vendor/SimpleIni/ConvertUTF.c.o
  [2/230] Building CXX object samp/CMakeFiles/samp.dir/vendor/inih/cpp/INIReader.cpp.o
  [3/230] Building CXX object samp/CMakeFiles/samp.dir/util/CUtil.cpp.o
  [4/230] Building CXX object samp/CMakeFiles/samp.dir/game/entities/actor.cpp.o
  FAILED: samp/CMakeFiles/samp.dir/game/entities/actor.cpp.o 
  C:\Users\wesll\AppData\Local\Android\Sdk\ndk\26.2.11394342\toolchains\llvm\prebuilt\windows-x86_64\bin\clang++.exe 
--target=aarch64-none-linux-android26 
--sysroot=C:/Users/wesll/AppData/Local/Android/Sdk/ndk/26.2.11394342/toolchains/llvm/prebuilt/windows-x86_64/sysroot 
-DVER_x32=false -Dsamp_EXPORTS -IC:/Users/wesll/Documents/Cursor/SA-MP-2.10-with-Cursor/app/src/main/cpp/opus/include 
-IC:/Users/wesll/Documents/Cursor/SA-MP-2.10-with-Cursor/app/src/main/cpp/samp 
-IC:/Users/wesll/Documents/Cursor/SA-MP-2.10-with-Cursor/app/src/main/cpp/samp/util 
-IC:/Users/wesll/Documents/Cursor/SA-MP-2.10-with-Cursor/app/src/main/cpp/samp/vendor/armhook 
-IC:/Users/wesll/Documents/Cursor/SA-MP-2.10-with-Cursor/app/src/main/cpp/samp/vendor/imgui 
-IC:/Users/wesll/Documents/Cursor/SA-MP-2.10-with-Cursor/app/src/main/cpp/samp/vendor 
-IC:/Users/wesll/Documents/Cursor/SA-MP-2.10-with-Cursor/app/src/main/cpp/samp/game/RW 
-IC:/Users/wesll/Documents/Cursor/SA-MP-2.10-with-Cursor/app/src/main/cpp/samp/game/Core 
-IC:/Users/wesll/Documents/Cursor/SA-MP-2.10-with-Cursor/app/src/main/cpp/samp/game_sa -isystem C:/Users/wesll/.gradle/
caches/8.9/transforms/1b08e3a2df1e9edf44fc172e3d520215/transformed/shadowhook-2.0.0/prefab/modules/shadowhook/include 
-g -DANDROID -fdata-sections -ffunction-sections -funwind-tables -fstack-protector-strong -no-canonical-prefixes 
-D_FORTIFY_SOURCE=2 -Wformat -Werror=format-security   -w -s -g -fvisibility=hidden -pthread -Wall -O1 -fexceptions 
-fno-limit-debug-info  -fPIC -std=gnu++20 -MD -MT samp/CMakeFiles/samp.dir/game/entities/actor.cpp.o -MF 
samp\CMakeFiles\samp.dir\game\entities\actor.cpp.o.d -o samp/CMakeFiles/samp.dir/game/entities/actor.cpp.o -c 
C:/Users/wesll/Documents/Cursor/SA-MP-2.10-with-Cursor/app/src/main/cpp/samp/game/entities/actor.cpp
  C:/Users/wesll/Documents/Cursor/SA-MP-2.10-with-Cursor/app/src/main/cpp/samp/game/entities/actor.cpp:84:7: error: 
use of undeclared identifier 'pGame'
          if (!pGame->IsAnimationLoaded(szAnimLib)) {
               ^
  C:/Users/wesll/Documents/Cursor/SA-MP-2.10-with-Cursor/app/src/main/cpp/samp/game/entities/actor.cpp:85:3: error: 
use of undeclared identifier 'pGame'

                  pGame->RequestAnimation(szAnimLib);

                  ^

  2 errors generated.

  [5/230] Building CXX object samp/CMakeFiles/samp.dir/game/entities/vehicle.cpp.o
  FAILED: samp/CMakeFiles/samp.dir/game/entities/vehicle.cpp.o 
  C:\Users\wesll\AppData\Local\Android\Sdk\ndk\26.2.11394342\toolchains\llvm\prebuilt\windows-x86_64\bin\clang++.exe 
--target=aarch64-none-linux-android26 
--sysroot=C:/Users/wesll/AppData/Local/Android/Sdk/ndk/26.2.11394342/toolchains/llvm/prebuilt/windows-x86_64/sysroot 
-DVER_x32=false -Dsamp_EXPORTS -IC:/Users/wesll/Documents/Cursor/SA-MP-2.10-with-Cursor/app/src/main/cpp/opus/include 
-IC:/Users/wesll/Documents/Cursor/SA-MP-2.10-with-Cursor/app/src/main/cpp/samp 
-IC:/Users/wesll/Documents/Cursor/SA-MP-2.10-with-Cursor/app/src/main/cpp/samp/util 
-IC:/Users/wesll/Documents/Cursor/SA-MP-2.10-with-Cursor/app/src/main/cpp/samp/vendor/armhook 
-IC:/Users/wesll/Documents/Cursor/SA-MP-2.10-with-Cursor/app/src/main/cpp/samp/vendor/imgui 
-IC:/Users/wesll/Documents/Cursor/SA-MP-2.10-with-Cursor/app/src/main/cpp/samp/vendor 
-IC:/Users/wesll/Documents/Cursor/SA-MP-2.10-with-Cursor/app/src/main/cpp/samp/game/RW 
-IC:/Users/wesll/Documents/Cursor/SA-MP-2.10-with-Cursor/app/src/main/cpp/samp/game/Core 
-IC:/Users/wesll/Documents/Cursor/SA-MP-2.10-with-Cursor/app/src/main/cpp/samp/game_sa -isystem C:/Users/wesll/.gradle/
caches/8.9/transforms/1b08e3a2df1e9edf44fc172e3d520215/transformed/shadowhook-2.0.0/prefab/modules/shadowhook/include 
-g -DANDROID -fdata-sections -ffunction-sections -funwind-tables -fstack-protector-strong -no-canonical-prefixes 
-D_FORTIFY_SOURCE=2 -Wformat -Werror=format-security   -w -s -g -fvisibility=hidden -pthread -Wall -O1 -fexceptions 
-fno-limit-debug-info  -fPIC -std=gnu++20 -MD -MT samp/CMakeFiles/samp.dir/game/entities/vehicle.cpp.o -MF 
samp\CMakeFiles\samp.dir\game\entities\vehicle.cpp.o.d -o samp/CMakeFiles/samp.dir/game/entities/vehicle.cpp.o -c 
C:/Users/wesll/Documents/Cursor/SA-MP-2.10-with-Cursor/app/src/main/cpp/samp/game/entities/vehicle.cpp
  C:/Users/wesll/Documents/Cursor/SA-MP-2.10-with-Cursor/app/src/main/cpp/samp/game/entities/vehicle.cpp:131:4: error: 
use of undeclared identifier 'pGame'
                          pGame->DisableMarker(m_dwMarkerID);
                          ^
  C:/Users/wesll/Documents/Cursor/SA-MP-2.10-with-Cursor/app/src/main/cpp/samp/game/entities/vehicle.cpp:310:8: error: 
unknown type name 'pNetGame'; did you mean 'CNetGame'?
                          if (pNetGame)
                              ^~~~~~~~
                              CNetGame
  C:/Users/wesll/Documents/Cursor/SA-MP-2.10-with-Cursor/app/src/main/cpp/samp/util/../net/netgame.h:59:7: note: 
'CNetGame' declared here
  class CNetGame
        ^
  C:/Users/wesll/Documents/Cursor/SA-MP-2.10-with-Cursor/app/src/main/cpp/samp/game/entities/vehicle.cpp:310:16: 
error: expected unqualified-id
                          if (pNetGame)
                                      ^
  C:/Users/wesll/Documents/Cursor/SA-MP-2.10-with-Cursor/app/src/main/cpp/samp/game/entities/vehicle.cpp:312:34: 
error: use of undeclared identifier 'pNetGame'
                                  CVehiclePool* pVehiclePool = pNetGame->GetVehiclePool();
                                                               ^
  C:/Users/wesll/Documents/Cursor/SA-MP-2.10-with-Cursor/app/src/main/cpp/samp/game/entities/vehicle.cpp:343:7: error: 
unknown type name 'pNetGame'; did you mean 'CNetGame'?
                  if (pNetGame)
                      ^~~~~~~~
                      CNetGame
  C:/Users/wesll/Documents/Cursor/SA-MP-2.10-with-Cursor/app/src/main/cpp/samp/util/../net/netgame.h:59:7: note: 
'CNetGame' declared here
  class CNetGame
        ^
  C:/Users/wesll/Documents/Cursor/SA-MP-2.10-with-Cursor/app/src/main/cpp/samp/game/entities/vehicle.cpp:343:15: 
error: expected unqualified-id
                  if (pNetGame)
                              ^
  C:/Users/wesll/Documents/Cursor/SA-MP-2.10-with-Cursor/app/src/main/cpp/samp/game/entities/vehicle.cpp:345:33: 
error: use of undeclared identifier 'pNetGame'
                          CVehiclePool* pVehiclePool = pNetGame->GetVehiclePool();
                                                       ^
  C:/Users/wesll/Documents/Cursor/SA-MP-2.10-with-Cursor/app/src/main/cpp/samp/game/entities/vehicle.cpp:553:5: error: 
use of undeclared identifier 'pGame'
                                  pGame->DisableMarker(m_dwMarkerID);
                                  ^
  C:/Users/wesll/Documents/Cursor/SA-MP-2.10-with-Cursor/app/src/main/cpp/samp/game/entities/vehicle.cpp:570:4: error: 
use of undeclared identifier 'pGame'

                          pGame->DisableMarker(m_dwMarkerID);

                          ^

  C:/Users/wesll/Documents/Cursor/SA-MP-2.10-with-Cursor/app/src/main/cpp/samp/game/entities/vehicle.cpp:592:4: error: 
use of undeclared identifier 'pGame'

                          pGame->DisableMarker(m_dwMarkerID);

                          ^

  10 errors generated.

  [6/230] Building CXX object samp/CMakeFiles/samp.dir/game/entities/object.cpp.o
  FAILED: samp/CMakeFiles/samp.dir/game/entities/object.cpp.o 
  C:\Users\wesll\AppData\Local\Android\Sdk\ndk\26.2.11394342\toolchains\llvm\prebuilt\windows-x86_64\bin\clang++.exe 
--target=aarch64-none-linux-android26 
--sysroot=C:/Users/wesll/AppData/Local/Android/Sdk/ndk/26.2.11394342/toolchains/llvm/prebuilt/windows-x86_64/sysroot 
-DVER_x32=false -Dsamp_EXPORTS -IC:/Users/wesll/Documents/Cursor/SA-MP-2.10-with-Cursor/app/src/main/cpp/opus/include 
-IC:/Users/wesll/Documents/Cursor/SA-MP-2.10-with-Cursor/app/src/main/cpp/samp 
-IC:/Users/wesll/Documents/Cursor/SA-MP-2.10-with-Cursor/app/src/main/cpp/samp/util 
-IC:/Users/wesll/Documents/Cursor/SA-MP-2.10-with-Cursor/app/src/main/cpp/samp/vendor/armhook 
-IC:/Users/wesll/Documents/Cursor/SA-MP-2.10-with-Cursor/app/src/main/cpp/samp/vendor/imgui 
-IC:/Users/wesll/Documents/Cursor/SA-MP-2.10-with-Cursor/app/src/main/cpp/samp/vendor 
-IC:/Users/wesll/Documents/Cursor/SA-MP-2.10-with-Cursor/app/src/main/cpp/samp/game/RW 
-IC:/Users/wesll/Documents/Cursor/SA-MP-2.10-with-Cursor/app/src/main/cpp/samp/game/Core 
-IC:/Users/wesll/Documents/Cursor/SA-MP-2.10-with-Cursor/app/src/main/cpp/samp/game_sa -isystem C:/Users/wesll/.gradle/
caches/8.9/transforms/1b08e3a2df1e9edf44fc172e3d520215/transformed/shadowhook-2.0.0/prefab/modules/shadowhook/include 
-g -DANDROID -fdata-sections -ffunction-sections -funwind-tables -fstack-protector-strong -no-canonical-prefixes 
-D_FORTIFY_SOURCE=2 -Wformat -Werror=format-security   -w -s -g -fvisibility=hidden -pthread -Wall -O1 -fexceptions 
-fno-limit-debug-info  -fPIC -std=gnu++20 -MD -MT samp/CMakeFiles/samp.dir/game/entities/object.cpp.o -MF 
samp\CMakeFiles\samp.dir\game\entities\object.cpp.o.d -o samp/CMakeFiles/samp.dir/game/entities/object.cpp.o -c 
C:/Users/wesll/Documents/Cursor/SA-MP-2.10-with-Cursor/app/src/main/cpp/samp/game/entities/object.cpp
  C:/Users/wesll/Documents/Cursor/SA-MP-2.10-with-Cursor/app/src/main/cpp/samp/game/entities/object.cpp:97:7: error: 
unknown type name 'pNetGame'; did you mean 'CNetGame'?
                  if (pNetGame)
                      ^~~~~~~~
                      CNetGame
  C:/Users/wesll/Documents/Cursor/SA-MP-2.10-with-Cursor/app/src/main/cpp/samp/util/../net/netgame.h:59:7: note: 
'CNetGame' declared here
  class CNetGame
        ^
  C:/Users/wesll/Documents/Cursor/SA-MP-2.10-with-Cursor/app/src/main/cpp/samp/game/entities/object.cpp:97:15: error: 
expected unqualified-id
                  if (pNetGame)
                              ^
  C:/Users/wesll/Documents/Cursor/SA-MP-2.10-with-Cursor/app/src/main/cpp/samp/game/entities/object.cpp:99:33: error: 
use of undeclared identifier 'pNetGame'
                          CVehiclePool* pVehiclePool = pNetGame->GetVehiclePool();
                                                       ^
  C:/Users/wesll/Documents/Cursor/SA-MP-2.10-with-Cursor/app/src/main/cpp/samp/game/entities/object.cpp:116:7: error: 
unknown type name 'pNetGame'; did you mean 'CNetGame'?
                  if (pNetGame)
                      ^~~~~~~~
                      CNetGame
  C:/Users/wesll/Documents/Cursor/SA-MP-2.10-with-Cursor/app/src/main/cpp/samp/util/../net/netgame.h:59:7: note: 
'CNetGame' declared here
  class CNetGame
        ^
  C:/Users/wesll/Documents/Cursor/SA-MP-2.10-with-Cursor/app/src/main/cpp/samp/game/entities/object.cpp:116:15: error: 
expected unqualified-id
                  if (pNetGame)
                              ^
  C:/Users/wesll/Documents/Cursor/SA-MP-2.10-with-Cursor/app/src/main/cpp/samp/game/entities/object.cpp:118:31: error: 
use of undeclared identifier 'pNetGame'
                          CObjectPool* pObjectPool = pNetGame->GetObjectPool();
                                                     ^
  C:/Users/wesll/Documents/Cursor/SA-MP-2.10-with-Cursor/app/src/main/cpp/samp/game/entities/object.cpp:406:59: error: 
use of undeclared identifier 'pMaterialTextGenerator'
                          m_MaterialTextTexture[i] = reinterpret_cast<uintptr_t>(pMaterialTextGenerator->Generate(
                                                                                 ^
  C:/Users/wesll/Documents/Cursor/SA-MP-2.10-with-Cursor/app/src/main/cpp/samp/game/entities/object.cpp:477:6: error: 
unknown type name 'pNetGame'; did you mean 'CNetGame'?
          if (pNetGame) {
              ^~~~~~~~
              CNetGame
  C:/Users/wesll/Documents/Cursor/SA-MP-2.10-with-Cursor/app/src/main/cpp/samp/util/../net/netgame.h:59:7: note: 
'CNetGame' declared here
  class CNetGame
        ^
  C:/Users/wesll/Documents/Cursor/SA-MP-2.10-with-Cursor/app/src/main/cpp/samp/game/entities/object.cpp:477:14: error: 
expected unqualified-id
          if (pNetGame) {
                      ^
  C:/Users/wesll/Documents/Cursor/SA-MP-2.10-with-Cursor/app/src/main/cpp/samp/game/entities/object.cpp:478:30: error: 
use of undeclared identifier 'pNetGame'
                  CPlayerPool* pPlayerPool = pNetGame->GetPlayerPool();
                                             ^
  C:/Users/wesll/Documents/Cursor/SA-MP-2.10-with-Cursor/app/src/main/cpp/samp/game/entities/object.cpp:594:7: error: 
unknown type name 'pNetGame'; did you mean 'CNetGame'?
                          if(pNetGame)
                             ^~~~~~~~
                             CNetGame
  C:/Users/wesll/Documents/Cursor/SA-MP-2.10-with-Cursor/app/src/main/cpp/samp/util/../net/netgame.h:59:7: note: 
'CNetGame' declared here
  class CNetGame
        ^
  C:/Users/wesll/Documents/Cursor/SA-MP-2.10-with-Cursor/app/src/main/cpp/samp/game/entities/object.cpp:594:15: error: 
expected unqualified-id
                          if(pNetGame)
                                     ^
  C:/Users/wesll/Documents/Cursor/SA-MP-2.10-with-Cursor/app/src/main/cpp/samp/game/entities/object.cpp:596:32: error: 
use of undeclared identifier 'pNetGame'

                                  CObjectPool *pObjectPool = pNetGame->GetObjectPool();

                                                             ^

  13 errors generated.

  [7/230] Building CXX object samp/CMakeFiles/samp.dir/playertags.cpp.o
  [8/230] Building CXX object samp/CMakeFiles/samp.dir/game/engine/game.cpp.o
  FAILED: samp/CMakeFiles/samp.dir/game/engine/game.cpp.o 
  C:\Users\wesll\AppData\Local\Android\Sdk\ndk\26.2.11394342\toolchains\llvm\prebuilt\windows-x86_64\bin\clang++.exe 
--target=aarch64-none-linux-android26 
--sysroot=C:/Users/wesll/AppData/Local/Android/Sdk/ndk/26.2.11394342/toolchains/llvm/prebuilt/windows-x86_64/sysroot 
-DVER_x32=false -Dsamp_EXPORTS -IC:/Users/wesll/Documents/Cursor/SA-MP-2.10-with-Cursor/app/src/main/cpp/opus/include 
-IC:/Users/wesll/Documents/Cursor/SA-MP-2.10-with-Cursor/app/src/main/cpp/samp 
-IC:/Users/wesll/Documents/Cursor/SA-MP-2.10-with-Cursor/app/src/main/cpp/samp/util 
-IC:/Users/wesll/Documents/Cursor/SA-MP-2.10-with-Cursor/app/src/main/cpp/samp/vendor/armhook 
-IC:/Users/wesll/Documents/Cursor/SA-MP-2.10-with-Cursor/app/src/main/cpp/samp/vendor/imgui 
-IC:/Users/wesll/Documents/Cursor/SA-MP-2.10-with-Cursor/app/src/main/cpp/samp/vendor 
-IC:/Users/wesll/Documents/Cursor/SA-MP-2.10-with-Cursor/app/src/main/cpp/samp/game/RW 
-IC:/Users/wesll/Documents/Cursor/SA-MP-2.10-with-Cursor/app/src/main/cpp/samp/game/Core 
-IC:/Users/wesll/Documents/Cursor/SA-MP-2.10-with-Cursor/app/src/main/cpp/samp/game_sa -isystem C:/Users/wesll/.gradle/
caches/8.9/transforms/1b08e3a2df1e9edf44fc172e3d520215/transformed/shadowhook-2.0.0/prefab/modules/shadowhook/include 
-g -DANDROID -fdata-sections -ffunction-sections -funwind-tables -fstack-protector-strong -no-canonical-prefixes 
-D_FORTIFY_SOURCE=2 -Wformat -Werror=format-security   -w -s -g -fvisibility=hidden -pthread -Wall -O1 -fexceptions 
-fno-limit-debug-info  -fPIC -std=gnu++20 -MD -MT samp/CMakeFiles/samp.dir/game/engine/game.cpp.o -MF 
samp\CMakeFiles\samp.dir\game\engine\game.cpp.o.d -o samp/CMakeFiles/samp.dir/game/engine/game.cpp.o -c 
C:/Users/wesll/Documents/Cursor/SA-MP-2.10-with-Cursor/app/src/main/cpp/samp/game/engine/game.cpp
  C:/Users/wesll/Documents/Cursor/SA-MP-2.10-with-Cursor/app/src/main/cpp/samp/game/engine/game.cpp:759:9: error: 
unknown type name 'pNetGame'; did you mean 'CNetGame'?
      if (pNetGame)
          ^~~~~~~~
          CNetGame
  C:/Users/wesll/Documents/Cursor/SA-MP-2.10-with-Cursor/app/src/main/cpp/samp/util/../net/netgame.h:59:7: note: 
'CNetGame' declared here
  class CNetGame
        ^
  C:/Users/wesll/Documents/Cursor/SA-MP-2.10-with-Cursor/app/src/main/cpp/samp/game/engine/game.cpp:759:17: error: 
expected unqualified-id
      if (pNetGame)
                  ^
  C:/Users/wesll/Documents/Cursor/SA-MP-2.10-with-Cursor/app/src/main/cpp/samp/game/engine/game.cpp:761:12: error: use 
of undeclared identifier 'pGame'
          if(pGame && pGame->FindPlayerPed() && pUI && pUI->buttonpanel() && pUI->buttonpanel()->m_bH)
             ^
  C:/Users/wesll/Documents/Cursor/SA-MP-2.10-with-Cursor/app/src/main/cpp/samp/game/engine/game.cpp:761:21: error: use 
of undeclared identifier 'pGame'
          if(pGame && pGame->FindPlayerPed() && pUI && pUI->buttonpanel() && pUI->buttonpanel()->m_bH)
                      ^
  C:/Users/wesll/Documents/Cursor/SA-MP-2.10-with-Cursor/app/src/main/cpp/samp/game/engine/game.cpp:761:47: error: use 
of undeclared identifier 'pUI'
          if(pGame && pGame->FindPlayerPed() && pUI && pUI->buttonpanel() && pUI->buttonpanel()->m_bH)
                                                ^
  C:/Users/wesll/Documents/Cursor/SA-MP-2.10-with-Cursor/app/src/main/cpp/samp/game/engine/game.cpp:761:54: error: use 
of undeclared identifier 'pUI'
          if(pGame && pGame->FindPlayerPed() && pUI && pUI->buttonpanel() && pUI->buttonpanel()->m_bH)
                                                       ^
  C:/Users/wesll/Documents/Cursor/SA-MP-2.10-with-Cursor/app/src/main/cpp/samp/game/engine/game.cpp:761:76: error: use 
of undeclared identifier 'pUI'
          if(pGame && pGame->FindPlayerPed() && pUI && pUI->buttonpanel() && pUI->buttonpanel()->m_bH)
                                                                             ^
  C:/Users/wesll/Documents/Cursor/SA-MP-2.10-with-Cursor/app/src/main/cpp/samp/game/engine/game.cpp:763:16: error: use 
of undeclared identifier 'pGame'
              if(pGame->FindPlayerPed()->IsInVehicle())
                 ^
  C:/Users/wesll/Documents/Cursor/SA-MP-2.10-with-Cursor/app/src/main/cpp/samp/game/engine/game.cpp:765:17: error: use 
of undeclared identifier 'pUI'
                  pUI->buttonpanel()->m_bH->setCaption("D/B");
                  ^
  C:/Users/wesll/Documents/Cursor/SA-MP-2.10-with-Cursor/app/src/main/cpp/samp/game/engine/game.cpp:768:17: error: use 
of undeclared identifier 'pUI'
                  pUI->buttonpanel()->m_bH->setCaption("H");
                  ^
  C:/Users/wesll/Documents/Cursor/SA-MP-2.10-with-Cursor/app/src/main/cpp/samp/game/engine/game.cpp:771:36: error: use 
of undeclared identifier 'pNetGame'

          CObjectPool* pObjectPool = pNetGame->GetObjectPool();

                                     ^

  C:/Users/wesll/Documents/Cursor/SA-MP-2.10-with-Cursor/app/src/main/cpp/samp/game/engine/game.cpp:777:40: error: use 
of undeclared identifier 'pNetGame'

          CTextDrawPool* pTextDrawPool = pNetGame->GetTextDrawPool();

                                         ^

  12 errors generated.

  [9/230] Building CXX object samp/CMakeFiles/samp.dir/game/entities/playerped.cpp.o
  FAILED: samp/CMakeFiles/samp.dir/game/entities/playerped.cpp.o 
  C:\Users\wesll\AppData\Local\Android\Sdk\ndk\26.2.11394342\toolchains\llvm\prebuilt\windows-x86_64\bin\clang++.exe 
--target=aarch64-none-linux-android26 
--sysroot=C:/Users/wesll/AppData/Local/Android/Sdk/ndk/26.2.11394342/toolchains/llvm/prebuilt/windows-x86_64/sysroot 
-DVER_x32=false -Dsamp_EXPORTS -IC:/Users/wesll/Documents/Cursor/SA-MP-2.10-with-Cursor/app/src/main/cpp/opus/include 
-IC:/Users/wesll/Documents/Cursor/SA-MP-2.10-with-Cursor/app/src/main/cpp/samp 
-IC:/Users/wesll/Documents/Cursor/SA-MP-2.10-with-Cursor/app/src/main/cpp/samp/util 
-IC:/Users/wesll/Documents/Cursor/SA-MP-2.10-with-Cursor/app/src/main/cpp/samp/vendor/armhook 
-IC:/Users/wesll/Documents/Cursor/SA-MP-2.10-with-Cursor/app/src/main/cpp/samp/vendor/imgui 
-IC:/Users/wesll/Documents/Cursor/SA-MP-2.10-with-Cursor/app/src/main/cpp/samp/vendor 
-IC:/Users/wesll/Documents/Cursor/SA-MP-2.10-with-Cursor/app/src/main/cpp/samp/game/RW 
-IC:/Users/wesll/Documents/Cursor/SA-MP-2.10-with-Cursor/app/src/main/cpp/samp/game/Core 
-IC:/Users/wesll/Documents/Cursor/SA-MP-2.10-with-Cursor/app/src/main/cpp/samp/game_sa -isystem C:/Users/wesll/.gradle/
caches/8.9/transforms/1b08e3a2df1e9edf44fc172e3d520215/transformed/shadowhook-2.0.0/prefab/modules/shadowhook/include 
-g -DANDROID -fdata-sections -ffunction-sections -funwind-tables -fstack-protector-strong -no-canonical-prefixes 
-D_FORTIFY_SOURCE=2 -Wformat -Werror=format-security   -w -s -g -fvisibility=hidden -pthread -Wall -O1 -fexceptions 
-fno-limit-debug-info  -fPIC -std=gnu++20 -MD -MT samp/CMakeFiles/samp.dir/game/entities/playerped.cpp.o -MF 
samp\CMakeFiles\samp.dir\game\entities\playerped.cpp.o.d -o samp/CMakeFiles/samp.dir/game/entities/playerped.cpp.o -c 
C:/Users/wesll/Documents/Cursor/SA-MP-2.10-with-Cursor/app/src/main/cpp/samp/game/entities/playerped.cpp
  C:/Users/wesll/Documents/Cursor/SA-MP-2.10-with-Cursor/app/src/main/cpp/samp/game/entities/playerped.cpp:91:6: 
error: unknown type name 'pNetGame'; did you mean 'CNetGame'?
          if (pNetGame)
              ^~~~~~~~
              CNetGame
  C:/Users/wesll/Documents/Cursor/SA-MP-2.10-with-Cursor/app/src/main/cpp/samp/util/../net/netgame.h:59:7: note: 
'CNetGame' declared here
  class CNetGame
        ^
  C:/Users/wesll/Documents/Cursor/SA-MP-2.10-with-Cursor/app/src/main/cpp/samp/game/entities/playerped.cpp:91:14: 
error: expected unqualified-id
          if (pNetGame)
                      ^
  C:/Users/wesll/Documents/Cursor/SA-MP-2.10-with-Cursor/app/src/main/cpp/samp/game/entities/playerped.cpp:94:46: 
error: use of undeclared identifier 'pNetGame'
                  ScriptCommand(&set_actor_money, m_dwGTAId, pNetGame->m_pNetSet->iDeathDropMoney);
                                                             ^
  C:/Users/wesll/Documents/Cursor/SA-MP-2.10-with-Cursor/app/src/main/cpp/samp/game/entities/playerped.cpp:786:6: 
error: use of undeclared identifier 'pGame'
          if(!pGame->IsAnimationLoaded(szAnimLib))
              ^
  C:/Users/wesll/Documents/Cursor/SA-MP-2.10-with-Cursor/app/src/main/cpp/samp/game/entities/playerped.cpp:788:3: 
error: use of undeclared identifier 'pGame'
                  pGame->RequestAnimation(szAnimLib);
                  ^
  C:/Users/wesll/Documents/Cursor/SA-MP-2.10-with-Cursor/app/src/main/cpp/samp/game/entities/playerped.cpp:935:7: 
error: unknown type name 'pNetGame'; did you mean 'CNetGame'?
                  if (pNetGame)
                      ^~~~~~~~
                      CNetGame
  C:/Users/wesll/Documents/Cursor/SA-MP-2.10-with-Cursor/app/src/main/cpp/samp/util/../net/netgame.h:59:7: note: 
'CNetGame' declared here
  class CNetGame
        ^
  C:/Users/wesll/Documents/Cursor/SA-MP-2.10-with-Cursor/app/src/main/cpp/samp/game/entities/playerped.cpp:935:15: 
error: expected unqualified-id
                  if (pNetGame)
                              ^
  C:/Users/wesll/Documents/Cursor/SA-MP-2.10-with-Cursor/app/src/main/cpp/samp/game/entities/playerped.cpp:937:33: 
error: use of undeclared identifier 'pNetGame'
                          CVehiclePool* pVehiclePool = pNetGame->GetVehiclePool();
                                                       ^
  C:/Users/wesll/Documents/Cursor/SA-MP-2.10-with-Cursor/app/src/main/cpp/samp/game/entities/playerped.cpp:1241:7: 
error: unknown type name 'pNetGame'; did you mean 'CNetGame'?
                  if (pNetGame)
                      ^~~~~~~~
                      CNetGame
  C:/Users/wesll/Documents/Cursor/SA-MP-2.10-with-Cursor/app/src/main/cpp/samp/util/../net/netgame.h:59:7: note: 
'CNetGame' declared here
  class CNetGame
        ^
  C:/Users/wesll/Documents/Cursor/SA-MP-2.10-with-Cursor/app/src/main/cpp/samp/game/entities/playerped.cpp:1241:15: 
error: expected unqualified-id
                  if (pNetGame)
                              ^
  C:/Users/wesll/Documents/Cursor/SA-MP-2.10-with-Cursor/app/src/main/cpp/samp/game/entities/playerped.cpp:1243:31: 
error: use of undeclared identifier 'pNetGame'
                          CPlayerPool* pPlayerPool = pNetGame->GetPlayerPool();
                                                     ^
  C:/Users/wesll/Documents/Cursor/SA-MP-2.10-with-Cursor/app/src/main/cpp/samp/game/entities/playerped.cpp:1259:35: 
error: use of undeclared identifier 'pNetGame'
                                                          CPlayerPool* pPlayerPool = pNetGame->GetPlayerPool();
                                                                                     ^
  C:/Users/wesll/Documents/Cursor/SA-MP-2.10-with-Cursor/app/src/main/cpp/samp/game/entities/playerped.cpp:1260:37: 
error: use of undeclared identifier 'pNetGame'
                                                          CVehiclePool* pVehiclePool = pNetGame->GetVehiclePool();
                                                                                       ^
  C:/Users/wesll/Documents/Cursor/SA-MP-2.10-with-Cursor/app/src/main/cpp/samp/game/entities/playerped.cpp:1261:35: 
error: use of undeclared identifier 'pNetGame'
                                                          CObjectPool* pObjectPool = pNetGame->GetObjectPool();
                                                                                     ^
  C:/Users/wesll/Documents/Cursor/SA-MP-2.10-with-Cursor/app/src/main/cpp/samp/game/entities/playerped.cpp:1326:7: 
error: use of undeclared identifier 'pNetGame'
                                                  pNetGame->GetRakClient()->Send(&bsBullet, 
PacketPriority::HIGH_PRIORITY, PacketReliability::UNRELIABLE_SEQUENCED, 0);
                                                  ^
  C:/Users/wesll/Documents/Cursor/SA-MP-2.10-with-Cursor/app/src/main/cpp/samp/game/entities/playerped.cpp:1339:12: 
error: unknown type name 'pNetGame'; did you mean 'CNetGame'?
          if(pNetGame)

Deprecated Gradle features were used in this build, making it incompatible with Gradle 9.0.

You can use '--warning-mode all' to show the individual deprecation warnings and determine if they come from your own scripts or plugins.

For more on this, please refer to https://docs.gradle.org/8.9/userguide/command_line_interface.html#sec:command_line_warnings in the Gradle documentation.
2 actionable tasks: 2 executed
             ^~~~~~~~
             CNetGame
  C:/Users/wesll/Documents/Cursor/SA-MP-2.10-with-Cursor/app/src/main/cpp/samp/util/../net/netgame.h:59:7: note: 
'CNetGame' declared here
  class CNetGame
        ^
  C:/Users/wesll/Documents/Cursor/SA-MP-2.10-with-Cursor/app/src/main/cpp/samp/game/entities/playerped.cpp:1339:20: 
error: expected unqualified-id
          if(pNetGame)
                     ^
  C:/Users/wesll/Documents/Cursor/SA-MP-2.10-with-Cursor/app/src/main/cpp/samp/game/entities/playerped.cpp:1343:42: 
error: use of undeclared identifier 'pNetGame'
              CVehiclePool *pVehiclePool = pNetGame->GetVehiclePool();
                                           ^
  C:/Users/wesll/Documents/Cursor/SA-MP-2.10-with-Cursor/app/src/main/cpp/samp/game/entities/playerped.cpp:1344:40: 
error: use of undeclared identifier 'pNetGame'
              CPlayerPool *pPlayerPool = pNetGame->GetPlayerPool();
                                         ^
  fatal error: too many errors emitted, stopping now [-ferror-limit=]

  20 errors generated.

  [10/230] Building CXX object samp/CMakeFiles/samp.dir/game/input/pad.cpp.o
  FAILED: samp/CMakeFiles/samp.dir/game/input/pad.cpp.o 
  C:\Users\wesll\AppData\Local\Android\Sdk\ndk\26.2.11394342\toolchains\llvm\prebuilt\windows-x86_64\bin\clang++.exe 
--target=aarch64-none-linux-android26 
--sysroot=C:/Users/wesll/AppData/Local/Android/Sdk/ndk/26.2.11394342/toolchains/llvm/prebuilt/windows-x86_64/sysroot 
-DVER_x32=false -Dsamp_EXPORTS -IC:/Users/wesll/Documents/Cursor/SA-MP-2.10-with-Cursor/app/src/main/cpp/opus/include 
-IC:/Users/wesll/Documents/Cursor/SA-MP-2.10-with-Cursor/app/src/main/cpp/samp 
-IC:/Users/wesll/Documents/Cursor/SA-MP-2.10-with-Cursor/app/src/main/cpp/samp/util 
-IC:/Users/wesll/Documents/Cursor/SA-MP-2.10-with-Cursor/app/src/main/cpp/samp/vendor/armhook 
-IC:/Users/wesll/Documents/Cursor/SA-MP-2.10-with-Cursor/app/src/main/cpp/samp/vendor/imgui 
-IC:/Users/wesll/Documents/Cursor/SA-MP-2.10-with-Cursor/app/src/main/cpp/samp/vendor 
-IC:/Users/wesll/Documents/Cursor/SA-MP-2.10-with-Cursor/app/src/main/cpp/samp/game/RW 
-IC:/Users/wesll/Documents/Cursor/SA-MP-2.10-with-Cursor/app/src/main/cpp/samp/game/Core 
-IC:/Users/wesll/Documents/Cursor/SA-MP-2.10-with-Cursor/app/src/main/cpp/samp/game_sa -isystem C:/Users/wesll/.gradle/
caches/8.9/transforms/1b08e3a2df1e9edf44fc172e3d520215/transformed/shadowhook-2.0.0/prefab/modules/shadowhook/include 
-g -DANDROID -fdata-sections -ffunction-sections -funwind-tables -fstack-protector-strong -no-canonical-prefixes 
-D_FORTIFY_SOURCE=2 -Wformat -Werror=format-security   -w -s -g -fvisibility=hidden -pthread -Wall -O1 -fexceptions 
-fno-limit-debug-info  -fPIC -std=gnu++20 -MD -MT samp/CMakeFiles/samp.dir/game/input/pad.cpp.o -MF 
samp\CMakeFiles\samp.dir\game\input\pad.cpp.o.d -o samp/CMakeFiles/samp.dir/game/input/pad.cpp.o -c 
C:/Users/wesll/Documents/Cursor/SA-MP-2.10-with-Cursor/app/src/main/cpp/samp/game/input/pad.cpp
  C:/Users/wesll/Documents/Cursor/SA-MP-2.10-with-Cursor/app/src/main/cpp/samp/game/input/pad.cpp:278:34: error: use 
of undeclared identifier 'pGame'
          CPlayerPed* pPlayerPed = pGame->FindPlayerPed();
                                   ^
  C:/Users/wesll/Documents/Cursor/SA-MP-2.10-with-Cursor/app/src/main/cpp/samp/game/input/pad.cpp:317:34: error: use 
of undeclared identifier 'pGame'
          CPlayerPed* pPlayerPed = pGame->FindPlayerPed();
                                   ^
  C:/Users/wesll/Documents/Cursor/SA-MP-2.10-with-Cursor/app/src/main/cpp/samp/game/input/pad.cpp:407:9: error: 
unknown type name 'pNetGame'; did you mean 'CNetGame'?
      if (pNetGame)
          ^~~~~~~~
          CNetGame
  C:/Users/wesll/Documents/Cursor/SA-MP-2.10-with-Cursor/app/src/main/cpp/samp/util/../net/netgame.h:59:7: note: 
'CNetGame' declared here
  class CNetGame
        ^
  C:/Users/wesll/Documents/Cursor/SA-MP-2.10-with-Cursor/app/src/main/cpp/samp/game/input/pad.cpp:407:17: error: 
expected unqualified-id
      if (pNetGame)
                  ^
  C:/Users/wesll/Documents/Cursor/SA-MP-2.10-with-Cursor/app/src/main/cpp/samp/game/input/pad.cpp:409:36: error: use 
of undeclared identifier 'pNetGame'
          CPlayerPool* pPlayerPool = pNetGame->GetPlayerPool();
                                     ^
  C:/Users/wesll/Documents/Cursor/SA-MP-2.10-with-Cursor/app/src/main/cpp/samp/game/input/pad.cpp:515:9: error: 
unknown type name 'pUI'; did you mean 'UI'?
      if (pUI) {
          ^~~
          UI
  C:/Users/wesll/Documents/Cursor/SA-MP-2.10-with-Cursor/app/src/main/cpp/samp/util/../net/../gui/gui.h:39:7: note: 
'UI' declared here
  class UI : public Widget, public ImGuiWrapper
        ^
  C:/Users/wesll/Documents/Cursor/SA-MP-2.10-with-Cursor/app/src/main/cpp/samp/game/input/pad.cpp:515:12: error: 
expected unqualified-id
      if (pUI) {
             ^
  C:/Users/wesll/Documents/Cursor/SA-MP-2.10-with-Cursor/app/src/main/cpp/samp/game/input/pad.cpp:516:21: error: use 
of undeclared identifier 'pUI'
          if (result) pUI->playertablist()->show();
                      ^
  C:/Users/wesll/Documents/Cursor/SA-MP-2.10-with-Cursor/app/src/main/cpp/samp/game/input/pad.cpp:527:28: error: use 
of undeclared identifier 'pUI'

      VoiceButton* vbutton = pUI->voicebutton();

                             ^

  9 errors generated.

  [11/230] Building CXX object samp/CMakeFiles/samp.dir/settings.cpp.o
  [12/230] Building CXX object samp/CMakeFiles/samp.dir/vendor/imgui/imgui_draw.cpp.o
  [13/230] Building CXX object samp/CMakeFiles/samp.dir/vendor/imgui/imgui_widgets.cpp.o
  ninja: build stopped: subcommand failed.
  
  C++ build system [build] failed while executing:
      @echo off
      "C:\\Users\\wesll\\AppData\\Local\\Android\\Sdk\\cmake\\3.22.1\\bin\\ninja.exe" ^
        -C ^
        "C:\\Users\\wesll\\Documents\\Cursor\\SA-MP-2.10-with-Cursor\\app\\.cxx\\Debug\\67363226\\arm64-v8a" ^
        samp
    from C:\Users\wesll\Documents\Cursor\SA-MP-2.10-with-Cursor\app

* Try:
> Run with --stacktrace option to get the stack trace.
> Run with --info or --debug option to get more log output.
> Run with --scan to get full insights.
> Get more help at https://help.gradle.org.

BUILD FAILED in 47s
